[wordpressboss.com/pc/spider-demo/index.html]
[backblue.gif]
[fade.gif]
[index.html]
[wordpressboss.com/pc/spider-demo/index-2.html]
[wordpressboss.com/pc/spider-demo/assets/images/me.jpg]
[wordpressboss.com/pc/spider-demo/assets/images/portfolio/1.jpg]
[wordpressboss.com/pc/spider-demo/assets/images/portfolio/2.jpg]
[wordpressboss.com/pc/spider-demo/assets/images/portfolio/3.jpg]
[wordpressboss.com/pc/spider-demo/assets/images/portfolio/4.jpg]
[wordpressboss.com/pc/spider-demo/assets/images/portfolio/5.jpg]
[wordpressboss.com/pc/spider-demo/assets/images/portfolio/6.jpg]
[wordpressboss.com/pc/spider-demo/assets/js/jquery.min.js]
[wordpressboss.com/pc/spider-demo/assets/bootstrap/js/bootstrap.min.js]
[wordpressboss.com/pc/spider-demo/assets/owlcarousel/js/owl.carousel.min.js]
[wordpressboss.com/pc/spider-demo/assets/js/jquery.mixitup.js]
[wordpressboss.com/pc/spider-demo/assets/js/SmoothScroll.js]
[wordpressboss.com/pc/spider-demo/assets/js/jquery.stellar.min.js]
[wordpressboss.com/pc/spider-demo/assets/js/jquery.magnific-popup.min.js]
[wordpressboss.com/pc/spider-demo/assets/js/jquery.counterup.min.js]
[wordpressboss.com/pc/spider-demo/assets/js/jquery.waypoints.min.js]
[wordpressboss.com/pc/spider-demo/assets/js/wow.min.js]
[wordpressboss.com/pc/spider-demo/assets/js/form-contact.js]
[wordpressboss.com/pc/spider-demo/assets/js/particles.min.js]
[wordpressboss.com/pc/spider-demo/assets/js/app.js]
[wordpressboss.com/pc/spider-demo/assets/switcher/switcher.js]
[wordpressboss.com/pc/spider-demo/assets/js/scripts.js]
[wordpressboss.com/pc/spider-demo/index.html]
[wordpressboss.com/pc/spider-demo/assets/bootstrap/fonts/glyphicons-halflings-regular.eot]
[wordpressboss.com/pc/spider-demo/assets/bootstrap/fonts/glyphicons-halflings-regulard41d.eot]
[wordpressboss.com/pc/spider-demo/assets/bootstrap/fonts/glyphicons-halflings-regular.woff2]
[wordpressboss.com/pc/spider-demo/assets/bootstrap/fonts/glyphicons-halflings-regular.woff]
[wordpressboss.com/pc/spider-demo/assets/bootstrap/fonts/glyphicons-halflings-regular.ttf]
[wordpressboss.com/pc/spider-demo/assets/bootstrap/css/bootstrap.min.css]
[fonts.googleapis.com/css3745.css]
[wordpressboss.com/pc/spider-demo/assets/fonts/fontawesome-webfont3e6e.eot]
[wordpressboss.com/pc/spider-demo/assets/fonts/fontawesome-webfontd41d.eot]
[wordpressboss.com/pc/spider-demo/assets/fonts/fontawesome-webfont3e6e.woff2]
[wordpressboss.com/pc/spider-demo/assets/fonts/fontawesome-webfont3e6e.woff]
[wordpressboss.com/pc/spider-demo/assets/fonts/fontawesome-webfont3e6e.ttf]
[wordpressboss.com/pc/spider-demo/assets/fonts/font-awesome.min.css]
[wordpressboss.com/pc/spider-demo/assets/owlcarousel/css/owl.carousel.css]
[wordpressboss.com/pc/spider-demo/assets/owlcarousel/css/owl.theme.css]
[wordpressboss.com/pc/spider-demo/assets/css/magnific-popup.css]
[wordpressboss.com/pc/spider-demo/assets/css/animate.min.css]
[wordpressboss.com/pc/spider-demo/assets/css/style.css]
[wordpressboss.com/pc/spider-demo/assets/css/responsive.css]
[wordpressboss.com/pc/spider-demo/assets/switcher/switcher.css]
[wordpressboss.com/pc/spider-demo/assets/switcher/style1.css]
[wordpressboss.com/pc/spider-demo/index-2.html]
[wordpressboss.com/pc/spider-demo/assets/bootstrap/fonts/glyphicons-halflings-regular.svg]
[wordpressboss.com/pc/spider-demo/assets/images/bg/bg.jpg]
[wordpressboss.com/pc/spider-demo/assets/fonts/fontawesome-webfont3e6e.svg]
